<form id="mainForm" method="get" action=""><div id="tabContainer">
<ul class="ui-tabs-nav">
<li class="ui-tabs-nav-item"><a href="#tabContainer-frag-1"><span>Slider</span></a></li>
</ul>
<div id="tabContainer-frag-1" class="ui-tabs-panel"><dl>
<dt id="spinner-label"><label for="spinner" class="optional">Spinner:</label></dt>
<dd>
<input type="text" name="spinner" id="spinner" value="" class="flora"></dd></dl></div>
</div>
<dl>

<dt id="submit-label">&#160;</dt><dd id="submit-element">
<input type="submit" name="submit" id="submit" value="Send"></dd></dl></form>